{
  "hostname": {
    "command": "hostname",
    "error": "sshpass is required for password authentication but not installed. Please install sshpass or use SSH key authentication.",
    "timestamp": "2025-07-01T17:23:47.166Z"
  },
  "uptime": {
    "command": "uptime",
    "output": " 17:23:22 up  1:42,  load average: 0.10, 0.07, 0.05\n",
    "timestamp": "2025-07-01T17:23:47.310Z"
  },
  "date": {
    "command": "date",
    "output": "Tue Jul  1 17:23:22 UTC 2025\n",
    "timestamp": "2025-07-01T17:23:47.464Z"
  },
  "openwrt_release": {
    "command": "cat /etc/openwrt_release 2>/dev/null",
    "output": "DISTRIB_ID='OpenWrt'\nDISTRIB_RELEASE='23.05.5'\nDISTRIB_REVISION='r24106-10cc5fcd00'\nDISTRIB_TARGET='armsr/armv8'\nDISTRIB_ARCH='aarch64_generic'\nDISTRIB_DESCRIPTION='OpenWrt 23.05.5 r24106-10cc5fcd00'\nDISTRIB_TAINTS=''\n",
    "timestamp": "2025-07-01T17:23:47.611Z"
  },
  "openwrt_version": {
    "command": "cat /etc/openwrt_version 2>/dev/null",
    "output": "r24106-10cc5fcd00\n",
    "timestamp": "2025-07-01T17:23:47.752Z"
  },
  "banner": {
    "command": "cat /etc/banner 2>/dev/null",
    "output": "  _______                     ________        __\n |       |.-----.-----.-----.|  |  |  |.----.|  |_\n |   -   ||  _  |  -__|     ||  |  |  ||   _||   _|\n |_______||   __|_____|__|__||________||__|  |____|\n          |__| W I R E L E S S   F R E E D O M\n -----------------------------------------------------\n OpenWrt 23.05.5, r24106-10cc5fcd00\n -----------------------------------------------------\n",
    "timestamp": "2025-07-01T17:23:47.900Z"
  },
  "kernel": {
    "command": "uname -a",
    "output": "Linux 52-55-00-D1-55-11 5.15.167 #0 SMP Mon Sep 23 12:34:46 2024 aarch64 GNU/Linux\n",
    "timestamp": "2025-07-01T17:23:48.050Z"
  },
  "cpu_info": {
    "command": "cat /proc/cpuinfo 2>/dev/null | head -20",
    "output": "processor\t: 0\nBogoMIPS\t: 125.00\nFeatures\t: fp asimd evtstrm aes pmull sha1 sha2 crc32 cpuid\nCPU implementer\t: 0x41\nCPU architecture: 8\nCPU variant\t: 0x0\nCPU part\t: 0xd08\nCPU revision\t: 3\n\nprocessor\t: 1\nBogoMIPS\t: 125.00\nFeatures\t: fp asimd evtstrm aes pmull sha1 sha2 crc32 cpuid\nCPU implementer\t: 0x41\nCPU architecture: 8\nCPU variant\t: 0x0\nCPU part\t: 0xd08\nCPU revision\t: 3\n\n",
    "timestamp": "2025-07-01T17:23:48.205Z"
  },
  "memory_info": {
    "command": "cat /proc/meminfo 2>/dev/null",
    "output": "MemTotal:         240088 kB\nMemFree:          176456 kB\nMemAvailable:     165172 kB\nBuffers:            1660 kB\nCached:            20992 kB\nSwapCached:            0 kB\nActive:            22592 kB\nInactive:           4928 kB\nActive(anon):       4764 kB\nInactive(anon):      288 kB\nActive(file):      17828 kB\nInactive(file):     4640 kB\nUnevictable:           0 kB\nMlocked:               0 kB\nSwapTotal:             0 kB\nSwapFree:              0 kB\nDirty:                 0 kB\nWriteback:             0 kB\nAnonPages:          4880 kB\nMapped:             5068 kB\nShmem:               184 kB\nKReclaimable:       4112 kB\nSlab:              13112 kB\nSReclaimable:       4112 kB\nSUnreclaim:         9000 kB\nKernelStack:        1296 kB\nPageTables:          976 kB\nNFS_Unstable:          0 kB\nBounce:                0 kB\nWritebackTmp:          0 kB\nCommitLimit:      120044 kB\nCommitted_AS:      11716 kB\nVmallocTotal:   133143592960 kB\nVmallocUsed:        5044 kB\nVmallocChunk:          0 kB\nPercpu:              200 kB\nAnonHugePages:         0 kB\nShmemHugePages:        0 kB\nShmemPmdMapped:        0 kB\nFileHugePages:         0 kB\nFilePmdMapped:         0 kB\nCmaTotal:          32768 kB\nCmaFree:           32384 kB\n",
    "timestamp": "2025-07-01T17:23:48.350Z"
  },
  "disk_usage": {
    "command": "df -h",
    "output": "Filesystem                Size      Used Available Use% Mounted on\n/dev/root                98.3M     72.1M     24.2M  75% /\ntmpfs                   117.2M    184.0K    117.1M   0% /tmp\ntmpfs                   512.0K         0    512.0K   0% /dev\n",
    "timestamp": "2025-07-01T17:23:48.502Z"
  },
  "mount_points": {
    "command": "mount",
    "output": "/dev/root on / type ext4 (rw,noatime)\nproc on /proc type proc (rw,nosuid,nodev,noexec,noatime)\nsysfs on /sys type sysfs (rw,nosuid,nodev,noexec,noatime)\nefivars on /sys/firmware/efi/efivars type efivarfs (ro,nosuid,nodev,noexec,noatime)\ncgroup2 on /sys/fs/cgroup type cgroup2 (rw,nosuid,nodev,noexec,relatime,nsdelegate)\ntmpfs on /tmp type tmpfs (rw,nosuid,nodev,noatime)\ntmpfs on /dev type tmpfs (rw,nosuid,noexec,noatime,size=512k,mode=755)\ndevpts on /dev/pts type devpts (rw,nosuid,noexec,noatime,mode=600,ptmxmode=000)\ndebugfs on /sys/kernel/debug type debugfs (rw,noatime)\nbpffs on /sys/fs/bpf type bpf (rw,nosuid,nodev,noexec,noatime,mode=700)\npstore on /sys/fs/pstore type pstore (rw,noatime)\n",
    "timestamp": "2025-07-01T17:23:48.650Z"
  },
  "memory_usage": {
    "command": "free -m",
    "output": "              total        used        free      shared  buff/cache   available\nMem:         240088       36868      176456         184       26764      165172\nSwap:             0           0           0\n",
    "timestamp": "2025-07-01T17:23:48.798Z"
  },
  "load_average": {
    "command": "cat /proc/loadavg",
    "output": "0.11 0.07 0.05 1/80 18954\n",
    "timestamp": "2025-07-01T17:23:48.952Z"
  },
  "running_processes": {
    "command": "ps aux | head -20",
    "output": "",
    "timestamp": "2025-07-01T17:23:49.106Z"
  },
  "interfaces": {
    "command": "ip addr show",
    "output": "1: lo: <LOOPBACK,UP,LOWER_UP> mtu 65536 qdisc noqueue state UNKNOWN qlen 1000\n    link/loopback 00:00:00:00:00:00 brd 00:00:00:00:00:00\n    inet 127.0.0.1/8 scope host lo\n       valid_lft forever preferred_lft forever\n    inet6 ::1/128 scope host \n       valid_lft forever preferred_lft forever\n2: eth0: <BROADCAST,MULTICAST,UP,LOWER_UP> mtu 1500 qdisc fq_codel master br-lan state UP qlen 1000\n    link/ether 52:55:00:d1:55:11 brd ff:ff:ff:ff:ff:ff\n3: eth1: <BROADCAST,MULTICAST,UP,LOWER_UP> mtu 1500 qdisc fq_codel state UP qlen 1000\n    link/ether 52:55:00:d1:55:12 brd ff:ff:ff:ff:ff:ff\n    inet 192.168.12.2/24 brd 192.168.12.255 scope global eth1\n       valid_lft forever preferred_lft forever\n4: eth2: <BROADCAST,MULTICAST,UP,LOWER_UP> mtu 1500 qdisc fq_codel state UP qlen 1000\n    link/ether 52:55:00:d1:55:13 brd ff:ff:ff:ff:ff:ff\n    inet 10.0.0.1/22 brd 10.0.3.255 scope global eth2\n       valid_lft forever preferred_lft forever\n5: br-lan: <BROADCAST,MULTICAST,UP,LOWER_UP> mtu 1500 qdisc noqueue state UP qlen 1000\n    link/ether 52:55:00:d1:55:11 brd ff:ff:ff:ff:ff:ff\n    inet 192.168.11.2/24 brd 192.168.11.255 scope global br-lan\n       valid_lft forever preferred_lft forever\n    inet6 fd9f:3767:c475::1/60 scope global noprefixroute \n       valid_lft forever preferred_lft forever\n    inet6 fe80::5055:ff:fed1:5511/64 scope link \n       valid_lft forever preferred_lft forever\n6: tun0: <POINTOPOINT,MULTICAST,NOARP,UP,LOWER_UP> mtu 1500 qdisc fq_codel state UNKNOWN qlen 500\n    link/[65534] \n    inet 10.8.0.5 peer 10.8.0.1/32 scope global tun0\n       valid_lft forever preferred_lft forever\n    inet6 fe80::97d3:6215:a515:a2d/64 scope link flags 800 \n       valid_lft forever preferred_lft forever\n",
    "timestamp": "2025-07-01T17:23:49.244Z"
  },
  "routes": {
    "command": "ip route show",
    "output": "default via 192.168.12.1 dev eth1 \n10.0.0.0/22 dev eth2 scope link  src 10.0.0.1 \n10.8.0.1 dev tun0 scope link  src 10.8.0.5 \n192.168.11.0/24 dev br-lan scope link  src 192.168.11.2 \n192.168.12.0/24 dev eth1 scope link  src 192.168.12.2 \n",
    "timestamp": "2025-07-01T17:23:49.394Z"
  },
  "installed_packages": {
    "command": "opkg list-installed | wc -l",
    "output": "259\n",
    "timestamp": "2025-07-01T17:23:49.611Z"
  },
  "available_packages": {
    "command": "opkg list | wc -l",
    "output": "260\n",
    "timestamp": "2025-07-01T17:23:49.853Z"
  }
}